// Jest Snapshot v1, https://goo.gl/fbAQLP

exports[`should render component CreatePostPage succefully 1`] = `
<PostForm
  onSubmit={[Function]}
/>
`;
